{
  message: 'Database connected',
  level: 'info',
  label: 'right meow!',
  timestamp: '2024-10-01T17:00:11.901Z'
}
{
  message: 'Example app listening on port 5000',
  level: 'info',
  label: 'right meow!',
  timestamp: '2024-10-01T17:00:11.950Z'
}
{
  message: 'Database connected',
  level: 'info',
  label: 'right meow!',
  timestamp: '2024-10-01T17:02:07.824Z'
}
{
  message: 'Example app listening on port 5000',
  level: 'info',
  label: 'right meow!',
  timestamp: '2024-10-01T17:02:07.861Z'
}
