{
  message: 'Database connected',
  level: 'info',
  label: 'right meow!',
  timestamp: '2024-10-02T04:57:33.182Z'
}
{
  message: 'Example app listening on port 5000',
  level: 'info',
  label: 'right meow!',
  timestamp: '2024-10-02T04:57:33.199Z'
}
{
  message: 'Database connected',
  level: 'info',
  label: 'right meow!',
  timestamp: '2024-10-02T04:59:13.527Z'
}
{
  message: 'Example app listening on port 5000',
  level: 'info',
  label: 'right meow!',
  timestamp: '2024-10-02T04:59:13.548Z'
}
{
  message: 'Database connected',
  level: 'info',
  label: 'right meow!',
  timestamp: '2024-10-02T04:59:40.836Z'
}
{
  message: 'Example app listening on port 5000',
  level: 'info',
  label: 'right meow!',
  timestamp: '2024-10-02T04:59:40.878Z'
}
{
  message: 'Database connected',
  level: 'info',
  label: 'right meow!',
  timestamp: '2024-10-02T04:59:52.104Z'
}
{
  message: 'Example app listening on port 5000',
  level: 'info',
  label: 'right meow!',
  timestamp: '2024-10-02T04:59:52.134Z'
}
