{
  message: 'Database connected',
  level: 'info',
  label: 'right meow!',
  timestamp: '2024-10-10T13:16:59.531Z'
}
{
  message: 'Example app listening on port 5000',
  level: 'info',
  label: 'right meow!',
  timestamp: '2024-10-10T13:16:59.557Z'
}
{
  message: 'Database connected',
  level: 'info',
  label: 'right meow!',
  timestamp: '2024-10-10T13:19:37.509Z'
}
{
  message: 'Example app listening on port 5000',
  level: 'info',
  label: 'right meow!',
  timestamp: '2024-10-10T13:19:37.798Z'
}
{
  message: 'Database connected',
  level: 'info',
  label: 'right meow!',
  timestamp: '2024-10-10T13:21:52.504Z'
}
{
  message: 'Example app listening on port 5000',
  level: 'info',
  label: 'right meow!',
  timestamp: '2024-10-10T13:21:53.070Z'
}
{
  message: 'Database connected',
  level: 'info',
  label: 'right meow!',
  timestamp: '2024-10-10T13:22:46.430Z'
}
{
  message: 'Example app listening on port 5000',
  level: 'info',
  label: 'right meow!',
  timestamp: '2024-10-10T13:22:46.440Z'
}
{
  message: 'Database connected',
  level: 'info',
  label: 'right meow!',
  timestamp: '2024-10-10T13:24:01.734Z'
}
{
  message: 'Example app listening on port 5000',
  level: 'info',
  label: 'right meow!',
  timestamp: '2024-10-10T13:24:01.764Z'
}
{
  message: 'Database connected',
  level: 'info',
  label: 'right meow!',
  timestamp: '2024-10-10T13:24:58.369Z'
}
{
  message: 'Example app listening on port 5000',
  level: 'info',
  label: 'right meow!',
  timestamp: '2024-10-10T13:24:58.391Z'
}
